// Jest Snapshot v1, https://goo.gl/fbAQLP

exports[`Preloader component should render correctly 1`] = `
<div>
  <div
    class="preloader"
  >
    <img
      alt="Спиннер поиска"
      class="preloader__spinner rotation"
      src="img/Preloader.png"
    />
    <p
      class="preloader__text"
    >
      Loading...
    </p>
  </div>
</div>
`;
